[gdscgescoengg.live/index.html]
[gdscgescoengg.live/assets/images/favicons-32x32.png]
[backblue.gif]
[fade.gif]
[index.html]
[gdscgescoengg.live/assets/css/all.min.css]
[gdscgescoengg.live/assets/css/flaticon.css]
[gdscgescoengg.live/assets/css/animate.min.css]
[gdscgescoengg.live/assets/css/aos.min.css]
[gdscgescoengg.live/assets/css/bootstrap.min.css]
[gdscgescoengg.live/assets/css/jquery.fancybox.min.css]
[gdscgescoengg.live/assets/css/perfect-scrollbar.css]
[gdscgescoengg.live/assets/css/slick.css]
[gdscgescoengg.live/assets/css/style.css]
[gdscgescoengg.live/assets/css/responsive.css]
[gdscgescoengg.live/assets/css/revolution/settings.css]
[gdscgescoengg.live/assets/css/revolution/layers.css]
[gdscgescoengg.live/assets/css/revolution/navigation.css]
[gdscgescoengg.live/index-2.html]
[gdscgescoengg.live/assets/images/resources/4GDSClogo.png]
[gdscgescoengg.live/about-us.html]
[gdscgescoengg.live/teams.html]
[gdscgescoengg.live/events.html]
[gdscgescoengg.live/projects.html]
[gdscgescoengg.live/blog.html]
[gdscgescoengg.live/faq.html]
[gdscgescoengg.live/contact.html]
[gdscgescoengg.live/assets/images/resources/slide-bg1.jpg]
[gdscgescoengg.live/assets/images/slide1-shp1.png]
[gdscgescoengg.live/assets/images/slide1-shp2.png]
[gdscgescoengg.live/assets/images/slide1-shp3.png]
[gdscgescoengg.live/assets/images/slide1-mckp1.png]
[gdscgescoengg.live/assets/images/slide1-mckp2.png]
[gdscgescoengg.live/assets/images/slide1-mckp3.png]
[gdscgescoengg.live/assets/images/slide1-mckp4.png]
[gdscgescoengg.live/assets/images/slide1-mckp5.png]
[gdscgescoengg.live/assets/images/slide1-mckp6.png]
[gdscgescoengg.live/assets/images/resources/slide-bg2.jpg]
[gdscgescoengg.live/assets/images/slide2-shp1.png]
[gdscgescoengg.live/assets/images/slide2-shp2.png]
[gdscgescoengg.live/assets/images/slide2-mckp1.png]
[gdscgescoengg.live/assets/images/slide2-mckp2.png]
[gdscgescoengg.live/assets/images/slide2-mckp3.png]
[gdscgescoengg.live/assets/images/slide2-mckp4.png]
[gdscgescoengg.live/assets/images/slide2-mckp5.png]
[gdscgescoengg.live/assets/images/slide2-mckp6.png]
[gdscgescoengg.live/assets/images/slide2-mckp7.png]
[gdscgescoengg.live/assets/images/slide2-mckp8.png]
[gdscgescoengg.live/seo-services.html]
[gdscgescoengg.live/assets/images/bg-shp-1.png]
[gdscgescoengg.live/assets/images/resources/1GDSCimage.png]
[gdscgescoengg.live/assets/images/bg-1.png]
[gdscgescoengg.live/assets/images/resources/1people1.png]
[gdscgescoengg.live/assets/images/bg-shp-2.png]
[gdscgescoengg.live/assets/images/resources/structure-mckp.png]
[gdscgescoengg.live/assets/images/resources/4footerlogo.png]
[gdscgescoengg.live/assets/js/jquery.min.js]
[gdscgescoengg.live/assets/js/popper.min.js]
[gdscgescoengg.live/assets/js/bootstrap.min.js]
[gdscgescoengg.live/assets/js/aos.min.js]
[gdscgescoengg.live/assets/js/counterup.min.js]
[gdscgescoengg.live/assets/js/particles.min.js]
[gdscgescoengg.live/assets/js/tilt.jquery.min.js]
[gdscgescoengg.live/assets/js/jquery.fancybox.min.js]
[gdscgescoengg.live/assets/js/perfect-scrollbar.min.js]
[gdscgescoengg.live/assets/js/slick.min.js]
[gdscgescoengg.live/assets/js/scroll-up-bar.min.js]
[gdscgescoengg.live/assets/js/custom-scripts.js]
[gdscgescoengg.live/assets/js/revolution/jquery.themepunch.tools.min.js]
[gdscgescoengg.live/assets/js/revolution/jquery.themepunch.revolution.min.js]
[gdscgescoengg.live/assets/js/revolution/extensions/revolution.extension.actions.min.js]
[gdscgescoengg.live/assets/js/revolution/extensions/revolution.extension.carousel.min.js]
[gdscgescoengg.live/assets/js/revolution/extensions/revolution.extension.kenburn.min.js]
[gdscgescoengg.live/assets/js/revolution/extensions/revolution.extension.layeranimation.min.js]
[gdscgescoengg.live/assets/js/revolution/extensions/revolution.extension.migration.min.js]
[gdscgescoengg.live/assets/js/revolution/extensions/revolution.extension.navigation.min.js]
[gdscgescoengg.live/assets/js/revolution/extensions/revolution.extension.parallax.min.js]
[gdscgescoengg.live/assets/js/revolution/extensions/revolution.extension.slideanims.min.js]
[gdscgescoengg.live/assets/js/revolution/extensions/revolution.extension.video.min.js]
[gdscgescoengg.live/assets/js/revolution/revolution-init.js]
[gdscgescoengg.live/index.html]
[gdscgescoengg.live/assets/webfonts/fa-brands-400.eot]
[gdscgescoengg.live/assets/webfonts/fa-brands-400d41dd41d.eot]
[gdscgescoengg.live/assets/webfonts/fa-brands-400.woff2]
[gdscgescoengg.live/assets/webfonts/fa-brands-400.woff]
[gdscgescoengg.live/assets/webfonts/fa-brands-400.ttf]
[gdscgescoengg.live/assets/webfonts/fa-brands-400.svg]
[gdscgescoengg.live/assets/webfonts/fa-regular-400.eot]
[gdscgescoengg.live/assets/webfonts/fa-regular-400d41dd41d.eot]
[gdscgescoengg.live/assets/webfonts/fa-regular-400.woff2]
[gdscgescoengg.live/assets/webfonts/fa-regular-400.woff]
[gdscgescoengg.live/assets/webfonts/fa-regular-400.ttf]
[gdscgescoengg.live/assets/webfonts/fa-regular-400.svg]
[gdscgescoengg.live/assets/webfonts/fa-solid-900.eot]
[gdscgescoengg.live/assets/webfonts/fa-solid-900d41dd41d.eot]
[gdscgescoengg.live/assets/webfonts/fa-solid-900.woff2]
[gdscgescoengg.live/assets/webfonts/fa-solid-900.woff]
[gdscgescoengg.live/assets/webfonts/fa-solid-900.ttf]
[gdscgescoengg.live/assets/css/all.min.css]
[gdscgescoengg.live/assets/webfonts/fa-solid-900.svg]
[gdscgescoengg.live/assets/fonts/Flaticon.eot]
[gdscgescoengg.live/assets/fonts/Flaticond41dd41d.eot]
[gdscgescoengg.live/assets/fonts/Flaticon.woff2]
[gdscgescoengg.live/assets/fonts/Flaticon.woff]
[gdscgescoengg.live/assets/fonts/Flaticon.ttf]
[gdscgescoengg.live/assets/fonts/Flaticon.svg]
[gdscgescoengg.live/assets/fonts/icomoona7a9a7a9.eot]
[gdscgescoengg.live/assets/fonts/icomoona7a9a7a9.ttf]
[gdscgescoengg.live/assets/fonts/icomoona7a9a7a9.woff]
[gdscgescoengg.live/assets/css/flaticon.css]
[gdscgescoengg.live/assets/css/animate.min.css]
[gdscgescoengg.live/assets/css/aos.min.css]
[gdscgescoengg.live/assets/css/bootstrap.min.css]
[gdscgescoengg.live/assets/css/jquery.fancybox.min.css]
[gdscgescoengg.live/assets/css/perfect-scrollbar.css]
[gdscgescoengg.live/assets/css/slick.css]
[gdscgescoengg.live/assets/fonts/icomoona7a9a7a9.svg]
[gdscgescoengg.live/assets/fonts/gfont/GoogleSans-Regular-v1.27.ttf]
[gdscgescoengg.live/assets/images/plan-bg.jpg]
[gdscgescoengg.live/assets/images/hexa-shp.svg]
[gdscgescoengg.live/assets/images/pg-ttl-shp-bg.svg]
[gdscgescoengg.live/assets/css/style.css]
[gdscgescoengg.live/assets/css/responsive.css]
[gdscgescoengg.live/assets/css/revolution/fonts/revicons/revicons90c690c6.eot]
[gdscgescoengg.live/assets/css/revolution/fonts/revicons/revicons90c690c6.woff]
[gdscgescoengg.live/assets/css/revolution/fonts/revicons/revicons90c690c6.ttf]
[gdscgescoengg.live/assets/css/revolution/fonts/revicons/revicons90c690c6.svg]
[gdscgescoengg.live/assets/css/revolution/openhand.html]
[gdscgescoengg.live/assets/css/revolution/closedhand.html]
[gdscgescoengg.live/assets/css/assets/gridtile.html]
[gdscgescoengg.live/assets/css/assets/gridtile_white.html]
[gdscgescoengg.live/assets/css/assets/gridtile_3x3.html]
[gdscgescoengg.live/assets/css/assets/gridtile_3x3_white.html]
[gdscgescoengg.live/assets/css/assets/coloredbg.html]
[gdscgescoengg.live/assets/css/assets/loader.html]
[gdscgescoengg.live/assets/css/revolution/settings.css]
[gdscgescoengg.live/assets/css/revolution/layers.css]
[gdscgescoengg.live/assets/css/revolution/navigation.css]
[gdscgescoengg.live/index-2.html]
[gdscgescoengg.live/assets/images/ttl-bg-shp.png]
[gdscgescoengg.live/assets/images/resources/1OurMottoAboutus.png]
[gdscgescoengg.live/assets/images/resources/1CollegeImage.png]
[gdscgescoengg.live/about-us.html]
[gdscgescoengg.live/assets/images/resources/3team.png]
[gdscgescoengg.live/assets/images/profile/DSC lead 2022.jpg]
[gdscgescoengg.live/assets/images/profile/atharva chandwadkar.png]
[gdscgescoengg.live/assets/images/profile/archana vaidya.png]
[gdscgescoengg.live/assets/images/profile/Ketan.png]
[gdscgescoengg.live/assets/images/profile/Tanmay.png]
[gdscgescoengg.live/assets/images/profile/sanket borade.png]
[gdscgescoengg.live/assets/images/profile/Paras Jangid.jpg]
[gdscgescoengg.live/assets/images/profile/Kalyani Desai.jpg]
[gdscgescoengg.live/assets/images/profile/tejashree.png]
[gdscgescoengg.live/assets/images/profile/sarvesh.png]
[gdscgescoengg.live/assets/images/profile/Aishwarya Chandwadkar.jpg]
[gdscgescoengg.live/teams.html]
[gdscgescoengg.live/report-inauguration.html]
[gdscgescoengg.live/assets/images/resources/inauguration.png]
[gdscgescoengg.live/report-cloud.html]
[gdscgescoengg.live/assets/images/resources/1CloudProgram.png]
[gdscgescoengg.live/report-tech-boss-lady.html]
[gdscgescoengg.live/assets/images/resources/1TechBossLadyEvent.png]
[gdscgescoengg.live/report-android-study-jam.html]
[gdscgescoengg.live/assets/images/resources/1ASJ.png]
[gdscgescoengg.live/report-tech-boss-lady-2.html]
[gdscgescoengg.live/assets/images/resources/2TechBossLady2.png]
[gdscgescoengg.live/report-solution-challenge.html]
[gdscgescoengg.live/assets/images/EventsPage/Solution Challenge.png]
[gdscgescoengg.live/report-flutter-festival.html]
[gdscgescoengg.live/assets/images/EventsPage/FlutterFestival_ReportBanner.png]
[gdscgescoengg.live/report-be-next-gdsc-lead.html]
[gdscgescoengg.live/assets/images/EventsPage/LeadsApplication2022Events.png]
[gdscgescoengg.live/report-web-with-firebase.html]
[gdscgescoengg.live/assets/images/EventsPage/Web-With-Firebase.png]
[gdscgescoengg.live/report-ml-study-jams.html]
[gdscgescoengg.live/assets/images/EventsPage/Ml-Study-Jams.png]
[gdscgescoengg.live/report-intro-to-web3.html]
[gdscgescoengg.live/assets/images/EventsPage/Intro-To-Web3-Metaverse.png]
[gdscgescoengg.live/report-info22-23.html]
[gdscgescoengg.live/assets/images/EventsPage/InfoSession.jpg]
[gdscgescoengg.live/events.html]
[gdscgescoengg.live/assets/images/resources/GymexLogo.png]
[gdscgescoengg.live/assets/images/resources/1Youtube.png]
[gdscgescoengg.live/assets/images/resources/1github.png]
